// Jest Snapshot v1, https://goo.gl/fbAQLP

exports[`DropdownMenu renders correctly 1`] = `
<div
  style="overflow:auto"
>
  <ul
    aria-activedescendant=""
    class="undefined-menu  undefined-menu-root undefined-menu-vertical"
    role="menu"
    tabindex="0"
  >
    <li
      class=" undefined-menu-item-group"
    >
      <div
        class="undefined-menu-item-group-title"
      />
      <ul
        class="undefined-menu-item-group-list"
      >
        <li
          aria-selected="true"
          class="undefined-menu-item undefined-menu-item-selected"
          role="menuitem"
        >
          1
        </li>
      </ul>
    </li>
    <li
      class=" undefined-menu-item-group"
    >
      <div
        class="undefined-menu-item-group-title"
      />
      <ul
        class="undefined-menu-item-group-list"
      >
        <li
          aria-selected="false"
          class="undefined-menu-item"
          role="menuitem"
        >
          2
        </li>
      </ul>
    </li>
  </ul>
</div>
`;
