// Jest Snapshot v1, https://goo.gl/fbAQLP

exports[`SelectTrigger renders correctly 1`] = `
<div>
  foo
</div>
`;
